---
source: crates/op-diagram-render/tests/render.rs
expression: svg(&scene)
input_file: crates/op-diagram-mermaid/tests/diagrams/flowchart/direction-bt.mmd
---
<svg xmlns="http://www.w3.org/2000/svg" class="op-diagram" viewBox="0 0 56.58 152" width="56.58" height="152" font-family="Inter Diagram, sans-serif" text-rendering="geometricPrecision"><g class="edge stroke-solid"><path class="edge-line" d="M28.29 104L28.29 56"/><g class="head head-arrow"><path d="M28.29 48L32.79 57L23.79 57Z"/></g></g><g class="node shape-rectangle"><rect class="outline" x="8.35" y="104" width="39.88" height="40" rx="3"/><text class="text-label" x="28.29" y="129.09" font-size="14" font-weight="400" text-anchor="middle">a</text></g><g class="node shape-rectangle"><rect class="outline" x="8" y="8" width="40.58" height="40" rx="3"/><text class="text-label" x="28.29" y="33.09" font-size="14" font-weight="400" text-anchor="middle">b</text></g></svg>
