---
source: crates/op-diagram-render/tests/render.rs
expression: svg(&scene)
input_file: crates/op-diagram-mermaid/tests/diagrams/flowchart/circle-head-trap.mmd
---
<svg xmlns="http://www.w3.org/2000/svg" class="op-diagram" viewBox="0 0 63.55 152" width="63.55" height="152" font-family="Inter Diagram, sans-serif" text-rendering="geometricPrecision"><g class="edge stroke-solid"><path class="edge-line" d="M31.77 48L31.77 96"/><g class="head head-circle"><circle class="head-ring" cx="31.77" cy="100" r="4"/></g></g><g class="node shape-rectangle"><rect class="outline" x="11.84" y="8" width="39.88" height="40" rx="3"/><text class="text-label" x="31.77" y="33.09" font-size="14" font-weight="400" text-anchor="middle">a</text></g><g class="node shape-rectangle"><rect class="outline" x="8" y="104" width="47.55" height="40" rx="3"/><text class="text-label" x="31.77" y="129.09" font-size="14" font-weight="400" text-anchor="middle">ak</text></g></svg>
