---
source: crates/op-diagram-render/tests/render.rs
expression: svg(&scene)
input_file: crates/op-diagram-mermaid/tests/diagrams/flowchart/direction-rl.mmd
---
<svg xmlns="http://www.w3.org/2000/svg" class="op-diagram" viewBox="0 0 152.45 56" width="152.45" height="56" font-family="Inter Diagram, sans-serif" text-rendering="geometricPrecision"><g class="edge stroke-solid"><path class="edge-line" d="M104.58 28L56.58 28"/><g class="head head-arrow"><path d="M48.58 28L57.58 23.5L57.58 32.5Z"/></g></g><g class="node shape-rectangle"><rect class="outline" x="104.58" y="8" width="39.88" height="40" rx="3"/><text class="text-label" x="124.52" y="33.09" font-size="14" font-weight="400" text-anchor="middle">a</text></g><g class="node shape-rectangle"><rect class="outline" x="8" y="8" width="40.58" height="40" rx="3"/><text class="text-label" x="28.29" y="33.09" font-size="14" font-weight="400" text-anchor="middle">b</text></g></svg>
